C51 COMPILER V9.00   KEY                                                                   12/29/2015 23:40:48 PAGE 1   


C51 COMPILER V9.00, COMPILATION OF MODULE KEY
OBJECT MODULE PLACED IN .\output\obj\key.obj
COMPILER INVOKED BY: D:\Keil\C51\BIN\C51.EXE key\key.c LARGE OBJECTADVANCED OPTIMIZE(9,SIZE) BROWSE INCDIR(.\config;.\de
                    -vice;.\display;.\fs;.\key;.\lib_if;.\play;.\system;.\library;.\power;.\radio;.\eeprom;.\spi_flash;.\slave;.\bluetooth;.\
                    -i2c) DEBUG PRINT(.\output\lst\key.lst) OBJECT(.\output\obj\key.obj)

line level    source

   1          #include <reg51.h>
   2          
   3          #include "type.h"
   4          #include "syscfg.h"
   5          #include "utility.h"
   6          #include "ir_key.h"
   7          #include "adc_key.h"
   8          #include "sysctrl.h"
   9          #include "message.h"
  10          #include "timer.h"
  11          #include "power_key.h"
  12          #include "key.h"
  13          #include "radio_ctrl.h"
  14          #include "debug.h"
  15          #include "gpio_key.h"
  16          #include "display.h"
  17          #include "coding_key.h"
  18          #include "touch_key.h"
  19          #include "spi_fs.h"
  20          #include "bt.h"
  21          
  22          
  23          #ifdef  FUNC_NUMBER_KEY_EN
  24          #define  IR_KEY_NUM_WAIT_TIME  2000
  25          #define  IR_KEY_NUM_FILL_ZERO_WAIT_TIME  1000
  26          
  27          extern BOOL BTPowerOffTime_Start;
  28          extern TIMER   CSR_BTPOWEROFF_TIME;
  29          
  30          extern BOOL SDCARDPowerOffTime_Start;
  31          extern TIMER   SDCARDPOWEROFF_TIME;
  32          
  33          
  34          BOOL    gIRNUM10FG = 0;
  35          WORD    gRecvNum = 0;
  36          TIMER   RecvNumTimer;
  37          BOOL NumKeyRadioFreqErrorFlag = FALSE;
  38          BOOL NumKeyErrorDispFlag = FALSE;
  39          #endif
  40          
  41          extern VOID UnMute(VOID);
  42          extern VOID MuteOn(BOOL DacMuteEn, BOOL ExMuteEn);
  43          #ifdef FUNC_IR_KEY_EN
              static BOOL IrIsOn = TRUE;
              #endif
  46          
  47          #ifdef FUNC_TOUCH_KEY_EN
              extern TIMER TouchKeyInitTimer;
              #endif
  50          
  51          extern BOOL GetBtMuteFlag();
  52          
  53          #ifdef AU6210K_ZB_BT007_IR_IC_IS_334M_CSR
C51 COMPILER V9.00   KEY                                                                   12/29/2015 23:40:48 PAGE 2   

              BOOL GetIrIsOn(void)
              {
                      return IrIsOn;
              }
              #endif
  59          #ifdef FUNC_BLUETOOTH_CSR_EN
  60          MESSAGE IsDoubleClick(MESSAGE event)
  61          {
  62   1              TIMER DoubleClickTimer;
  63   1              static BYTE ClickNum = 0;
  64   1      #ifdef AU6210K_ZB_BT007_CSR
  65   1              if (event == MSG_BLUETOOTH_ANSWER)
  66   1      #else
                      if (event == MSG_PLAY_PAUSE)
              #endif          
  69   1              {
  70   2                      if (ClickNum >= 2)
  71   2                              ClickNum = 0;
  72   2                      ClickNum++;
  73   2      
  74   2                      if (ClickNum == 1)
  75   2                      {
  76   3                              TimeOutSet(&DoubleClickTimer,500);
  77   3                      }
  78   2              }
  79   1              if (!IsTimeOut(&DoubleClickTimer) && ClickNum == 1)
  80   1              {
  81   2                      event = MSG_NONE;
  82   2              }
  83   1              else if (!IsTimeOut(&DoubleClickTimer) && ClickNum == 2)
  84   1              {
  85   2                      event = MSG_BT_RECALL;
  86   2                      ClickNum = 0;
  87   2              }
  88   1              else if(IsTimeOut(&DoubleClickTimer) && ClickNum == 1)
  89   1              {
  90   2                              
  91   2      #ifdef AU6210K_ZB_BT007_CSR
  92   2                      event = MSG_BLUETOOTH_ANSWER;
  93   2      #else
                              event = MSG_PLAY_PAUSE;
              #endif  
  96   2                      ClickNum = 0;
  97   2      #if defined(AU6210K_ZB_BT007_CSR) && defined(AU6210K_ZB_BT007_IR_IC_IS_334M_CSR)//juest using 168
                              if(GetIrIsOn())
                              {
                                      SPI_PlaySelectNum(SPIPLAY_SONG_IR_KEY, 0);
                                      if(gSys.SystemMode == SYS_MODE_BLUETOOTH && !GetBtMuteFlag())
                                      {
                                      DBG1(("ccccccccddddddddddddd\m"));
                                              UnMute();
                                      }
                              }
              #endif          
 108   2      
 109   2              }
 110   1      
 111   1              return event;
 112   1      }    
 113          #endif
 114          
 115          static MESSAGE GetKeyEventA(VOID)                                                       
C51 COMPILER V9.00   KEY                                                                   12/29/2015 23:40:48 PAGE 3   

 116          {
 117   1              MESSAGE Event = MSG_NONE;
 118   1      #if     (PWR_KEY_MODE == PWR_KEY_PUSH_BUTTON)
 119   1              if(Event == MSG_NONE)
 120   1              {
 121   2                      Event = PowerKeyEventGet();
 122   2              }
 123   1      #endif
 124   1      
 125   1      #ifdef FUNC_ADC_KEY_EN
 126   1              if(Event == MSG_NONE)
 127   1              {
 128   2                      Event = AdcKeyEventGet();
 129   2      #if 0//def FUNC_BLUETOOTH_CSR_EN
                      if(gSys.SystemMode == SYS_MODE_BLUETOOTH)
                                      Event = IsDoubleClick(Event);
              #endif
 133   2      #ifdef AU6210K_ZB_BT007_IR_IC_IS_334M_CSR
                                      
                                      if(!IrIsOn && (Event != MSG_IR_ON_OFF))
                                      {
              #ifdef FUNC_SPI_KEY_SOUND_EN    
                                              if(Event != MSG_NONE)
                                              {
                                                      SPI_PlaySelectNum(SPIPLAY_SONG_LOCKING, 1);
                                              }
              #endif
                      
                                              Event = MSG_NONE;
                                      }
                                      if(Event == MSG_IR_ON_OFF)
                                      {
                                              if(IrIsOn)
                                              {
                                                      IrIsOn = FALSE;
                                                      
              #ifdef FUNC_SPI_KEY_SOUND_EN
                                                      if(gSys.MuteFg)
                                                              SPI_PlaySelectNum(SPIPLAY_SONG_LOCK_ON, 0);                     
                                                      else
                                                              SPI_PlaySelectNum(SPIPLAY_SONG_LOCK_ON, 1);
              #endif
                                              }
                                              else
                                              {
                                                      IrIsOn = TRUE;
                                                      
              #ifdef FUNC_SPI_KEY_SOUND_EN
                                                      if(gSys.MuteFg)
                                                              SPI_PlaySelectNum(SPIPLAY_SONG_LOCK_OFF, 0);                    
                                                      else
                                                              SPI_PlaySelectNum(SPIPLAY_SONG_LOCK_OFF, 1);
              #endif
                                              }
                                              baGPIOCtrl[GPIO_A_OUT] &= ~0x40; //A2
                                              WaitMs(500);
                                              
                                      }
                                      if(Event != MSG_IR_ON_OFF && Event != MSG_NONE && Event != MSG_VOL_ADD && Event != MSG_VOL_SUB)
                                      {
                                              if(Event == MSG_MODE_SW)
                                              {
C51 COMPILER V9.00   KEY                                                                   12/29/2015 23:40:48 PAGE 4   

                                                      SPI_PlaySelectNum(SPIPLAY_SONG_IR_KEY, 0);
                                                      MuteOn(TRUE,FALSE);
                                              }else
                                              {
                                                      if(gSys.SystemMode == SYS_MODE_BLUETOOTH)
                                                      {       
                                                              if((Event != MSG_VOL_ADD) && (Event != MSG_VOL_SUB)&&(Event != MSG_BLUETOOTH_REJECT)&& Event != MSG_
             -BLUETOOTH_ANSWER)
                                                                      SPI_PlaySelectNum(SPIPLAY_SONG_IR_KEY, 0);
                                                      }
                                                      else
                                                      {
                                                              if(Event == MSG_PLAY_PAUSE)// || Event == MSG_NEXT || Event == MSG_PRE)
                                                                      SPI_PlaySelectNum(SPIPLAY_SONG_IR_KEY, 0);
                                                              else
                                                                      SPI_PlaySelectNum(SPIPLAY_SONG_IR_KEY, 1);
                                                      }
                                                      if(gSys.SystemMode == SYS_MODE_BLUETOOTH && !GetBtMuteFlag())
                                                      {
                                                              DBG1(("ccccccccddddddddddddd\m"));
                                                              UnMute();
                                                      }
                                              }
                                      }
                                      
                                      /*if(Event == MSG_V_ADD)
                                              Event = MSG_VOL_ADD;
                                      if(Event == MSG_V_SUB)
                                              Event = MSG_VOL_SUB;*/
                                      if(Event == MSG_BT_REJECT)
                                              Event =MSG_BLUETOOTH_REJECT;
                      
              #endif                  
 210   2                      
 211   2              }
 212   1      #endif
 213   1      
 214   1      #ifdef FUNC_CODING_KEY_EN
                      if(Event == MSG_NONE)
                      {
                              Event = CodingKeyEventGet();
                      }
              #endif
 220   1      
 221   1      #ifdef FUNC_TOUCH_KEY_EN
                      if(Event == MSG_NONE)
                      {
                              Event = TouchKeyEventGet();
                      }
              #endif
 227   1              
 228   1      #ifdef FUNC_IR_KEY_EN
                      if(Event == MSG_NONE)
                      {
                              Event = IrKeyEventGet();
              #ifdef FUNC_BLUETOOTH_CSR_EN
                      if(gSys.SystemMode == SYS_MODE_BLUETOOTH)
                                      Event = IsDoubleClick(Event);
              
              #endif
              #ifdef AU6210K_ZB_BT007_IR_IC_IS_334M_CSR
                              
C51 COMPILER V9.00   KEY                                                                   12/29/2015 23:40:48 PAGE 5   

                              if(!IrIsOn && (Event != MSG_IR_ON_OFF))
                              {
              #ifdef FUNC_SPI_KEY_SOUND_EN    
                                      if(Event != MSG_NONE)
                                      {
                                              SPI_PlaySelectNum(SPIPLAY_SONG_LOCKING, 1);
                                      }
              #endif
              
                                      Event = MSG_NONE;
                              }
                              if(Event == MSG_IR_ON_OFF)
                              {
                                      if(IrIsOn)
                                      {
                                              IrIsOn = FALSE;
                                              
              #ifdef FUNC_SPI_KEY_SOUND_EN
                                              if(gSys.MuteFg)
                                                      SPI_PlaySelectNum(SPIPLAY_SONG_LOCK_ON, 0);                     
                                              else
                                                      SPI_PlaySelectNum(SPIPLAY_SONG_LOCK_ON, 1);
              #endif
                                      }
                                      else
                                      {
                                              IrIsOn = TRUE;
                                              
              #ifdef FUNC_SPI_KEY_SOUND_EN
                                              if(gSys.MuteFg)
                                                      SPI_PlaySelectNum(SPIPLAY_SONG_LOCK_OFF, 0);                    
                                              else
                                                      SPI_PlaySelectNum(SPIPLAY_SONG_LOCK_OFF, 1);
              #endif
                                      }
                                      baGPIOCtrl[GPIO_A_OUT] &= ~0x40; //A2
                                      WaitMs(500);
                                      
                              }
                              if(Event != MSG_IR_ON_OFF && Event != MSG_NONE && Event != MSG_VOL_ADD && Event != MSG_VOL_SUB)
                              {
                                      if(Event == MSG_MODE_SW)
                                      {
                                              SPI_PlaySelectNum(SPIPLAY_SONG_IR_KEY, 0);
                                              MuteOn(TRUE,FALSE);
                                      }else
                                      {
                                              if(gSys.SystemMode == SYS_MODE_BLUETOOTH)
                                              {       
                                                      if((Event != MSG_VOL_ADD) && (Event != MSG_VOL_SUB)&&(Event != MSG_BLUETOOTH_REJECT)&& Event != MSG_B
             -LUETOOTH_ANSWER)
                                                              SPI_PlaySelectNum(SPIPLAY_SONG_IR_KEY, 0);
                                              }
                                              else
                                              {
                                                      if(Event == MSG_PLAY_PAUSE)// || Event == MSG_NEXT || Event == MSG_PRE)
                                                              SPI_PlaySelectNum(SPIPLAY_SONG_IR_KEY, 0);
                                                      else
                                                              SPI_PlaySelectNum(SPIPLAY_SONG_IR_KEY, 1);
                                              }
                                              if(gSys.SystemMode == SYS_MODE_BLUETOOTH && !GetBtMuteFlag())
                                              {
C51 COMPILER V9.00   KEY                                                                   12/29/2015 23:40:48 PAGE 6   

                                                      DBG1(("ccccccccddddddddddddd\m"));
                                                      UnMute();
                                              }
                                      }
                              }
                              
                              /*if(Event == MSG_V_ADD)
                                      Event = MSG_VOL_ADD;
                              if(Event == MSG_V_SUB)
                                      Event = MSG_VOL_SUB;*/
                              if(Event == MSG_BT_REJECT)
                                      Event =MSG_BLUETOOTH_REJECT;
              
              #endif                  
                              
                      }
              #endif
 317   1      
 318   1      #ifdef FUNC_GPIO_KEY_EN
                      if(Event == MSG_NONE)
                      {
                              Event = GpioKeyEventGet();
                      }
              #endif
 324   1      
 325   1              return Event;                                                                   //cache key value for respective module
 326   1      }
 327          
 328          
 329          // Initialize key scan operation.
 330          VOID KeyScanInit(VOID)
 331          {
 332   1      #if     (PWR_KEY_MODE == PWR_KEY_PUSH_BUTTON)
 333   1              PowerKeyScanInit();
 334   1      #endif
 335   1      
 336   1      #ifdef FUNC_ADC_KEY_EN
 337   1              AdcKeyScanInit();
 338   1      #endif
 339   1      
 340   1      #ifdef FUNC_CODING_KEY_EN
                      CodingKeyScanInit();
              #endif
 343   1      
 344   1      #ifdef FUNC_TOUCH_KEY_EN
                      TouchKeyScanInit();
                      TimeOutSet(&TouchKeyInitTimer, 5000);
              #endif
 348   1      
 349   1      #ifdef FUNC_IR_KEY_EN
                      IrKeyScanInit();
              #endif
 352   1      
 353   1      #ifdef  FUNC_GPIO_KEY_EN
                      GpioKeyScanInit();
              #endif
 356   1      
 357   1      #ifdef  FUNC_NUMBER_KEY_EN
 358   1              gRecvNum = 0;
 359   1              TimeOutSet(&RecvNumTimer, 0);
 360   1      #endif
 361   1      }
C51 COMPILER V9.00   KEY                                                                   12/29/2015 23:40:48 PAGE 7   

 362          
 363          
 364          
 365          #ifdef  FUNC_NUMBER_KEY_EN
 366          VOID RecvIrNum(BYTE num)
 367          {       
 368   1              if(gRecvNum < 1000)
 369   1              {
 370   2                      gRecvNum = (gRecvNum * 10) + num;
 371   2              }       
 372   1              else
 373   1              {
 374   2                      gRecvNum = num;
 375   2              }
 376   1      }
 377          #endif
 378          
 379          
 380          // Key process
 381          VOID KeyEventGet(VOID)                                                  
 382          {
 383   1              MESSAGE Event = GetKeyEventA();         
 384   1      
 385   1      #if defined(AU6210K_ZB_BT007_CSR)
 386   1      #ifdef BT_BtPOWEROFF_TIME
                      if(Event != MSG_NONE)
                      {
                              TimeOutSet(&CSR_BTPOWEROFF_TIME, BT_BtPOWEROFF_TIME);
                              //BTPowerOffTime_Start =        FALSE;
              
              
                              TimeOutSet(&SDCARDPOWEROFF_TIME, BT_BtPOWEROFF_TIME);
                              //SDCARDPowerOffTime_Start = FALSE;
                      }
              #endif
 397   1      #endif
 398   1      
 399   1      #ifdef FUNC_NUMBER_KEY_EN
 400   1              if(NumKeyErrorDispFlag == TRUE)
 401   1              {               
 402   2      #ifdef FUNC_DISP_EN
 403   2                      DispNum(gRecvNum);
 404   2      #endif          
 405   2              }
 406   1      
 407   1              if((gRecvNum) && ((IsTimeOut(&RecvNumTimer)) || (Event == MSG_IR_SELECT)))
 408   1              {
 409   2                      TimeOutSet(&RecvNumTimer, SET_INTERVL);         
 410   2                      Event = MSG_RECV_NUM;   
 411   2                      NumKeyErrorDispFlag = FALSE;
 412   2              }        
 413   1              else if((Event >= MSG_NUM_0) && (Event <= MSG_NUM_10ADD))
 414   1              {
 415   2                      if(((gSys.SystemMode == SYS_MODE_USB) || (gSys.SystemMode == SYS_MODE_SD))
 416   2              #ifdef FUNC_RADIO_EN
 417   2                      || ((gSys.SystemMode == SYS_MODE_RADIO)&&(gRadioCtrl.State == RADIO_IDLE))
 418   2              #endif
 419   2                      )
 420   2                      {               
 421   3                              NumKeyErrorDispFlag = FALSE;                    
 422   3                              NumKeyRadioFreqErrorFlag = FALSE;
 423   3                              
C51 COMPILER V9.00   KEY                                                                   12/29/2015 23:40:48 PAGE 8   

 424   3                              if(Event == MSG_NUM_10ADD)
 425   3                              {
 426   4                                      if(gRecvNum % 10)
 427   4                                      {
 428   5                                      gRecvNum = 0;
 429   5                                      }
 430   4                                  gRecvNum += 10;
 431   4                                  gIRNUM10FG = 1;
 432   4                              }
 433   3                              else
 434   3                              {
 435   4                                      if(gIRNUM10FG)
 436   4                                      {
 437   5                                              gRecvNum += Event - MSG_NUM_0;
 438   5                                      }
 439   4                                      else
 440   4                                      {
 441   5                                              RecvIrNum(Event - MSG_NUM_0);
 442   5                                      }
 443   4                                      gIRNUM10FG = 0;
 444   4                              }
 445   3                              Event = MSG_NONE;
 446   3                              TimeOutSet(&RecvNumTimer, IR_KEY_NUM_WAIT_TIME);
 447   3                      #ifdef FUNC_DISP_EN
 448   3                              DispNum(gRecvNum);
 449   3                      #endif
 450   3                      }
 451   2                      else
 452   2                      {
 453   3                              Event = MSG_NONE;
 454   3                      }
 455   2              }
 456   1              else if((Event >= MSG_NUM_0CP) && (Event <= MSG_NUM_10ADDCP))
 457   1              {
 458   2                      if(((gSys.SystemMode == SYS_MODE_USB) || (gSys.SystemMode == SYS_MODE_SD))
 459   2              #ifdef FUNC_RADIO_EN
 460   2                      || ((gSys.SystemMode == SYS_MODE_RADIO) && (gRadioCtrl.State == RADIO_IDLE))
 461   2              #endif
 462   2                      )
 463   2                      {               
 464   3                              NumKeyErrorDispFlag = FALSE;
 465   3                              NumKeyRadioFreqErrorFlag = FALSE;
 466   3                              
 467   3                              TimeOutSet(&RecvNumTimer, SET_INTERVL);
 468   3                              if(Event == MSG_NUM_10ADDCP)
 469   3                              {
 470   4                                      gRecvNum += 10;
 471   4                              }
 472   3                              else
 473   3                              {
 474   4                                      RecvIrNum(Event - MSG_NUM_0CP);
 475   4                              }
 476   3                      #ifdef FUNC_DISP_EN
 477   3                              DispNum(gRecvNum);
 478   3                      #endif
 479   3      
 480   3                              if((((gSys.SystemMode == SYS_MODE_USB) || (gSys.SystemMode == SYS_MODE_SD)) 
 481   3                              && (gRecvNum <= gFsInfo.FileSum))
 482   3                      #ifdef FUNC_RADIO_EN
 483   3                               || ((gSys.SystemMode == SYS_MODE_RADIO) && (gRadioCtrl.State == RADIO_IDLE) && (gRecvNum <= MAX_RAD
             -IO_STATION_NUM))
 484   3                      #endif
C51 COMPILER V9.00   KEY                                                                   12/29/2015 23:40:48 PAGE 9   

 485   3                              )
 486   3                              {
 487   4                                      Event = MSG_NUM_SAVE_STAITON;   //FM: 将当前频率存到指定的台号，如果台号>StationSum，就存到(StationSum+1
             -)台。
 488   4                                                                                                      //MP3:数字选歌
 489   4                              }
 490   3                              else                    
 491   3                              {
 492   4                                      Event = MSG_NONE;
 493   4                              }
 494   3                      }
 495   2              }
 496   1              else
 497   1              {
 498   2                      if(Event != MSG_NONE)
 499   2                      {
 500   3                              gRecvNum = 0;                           
 501   3                              NumKeyErrorDispFlag = FALSE;
 502   3                              NumKeyRadioFreqErrorFlag = FALSE;
 503   3                      }
 504   2              }
 505   1      #endif
 506   1      
 507   1              if(Event != MSG_NONE)
 508   1              {
 509   2                      //DBG(("KeyEvent:%02BX\n", Event));
 510   2                      MessageSend(MSG_FIFO_KEY, Event);
 511   2                      MessageSend(MSG_FIFO_DEV_CTRL, Event);          
 512   2      #ifdef  FUNC_RTC_EN
                              MessageSend(MSG_FIFO_RTC, Event);       
              #endif
 515   2              }       
 516   1      
 517   1      }
 518          
 519          


MODULE INFORMATION:   STATIC OVERLAYABLE
   CODE SIZE        =    861    ----
   CONSTANT SIZE    =   ----    ----
   XDATA SIZE       =     11       7
   PDATA SIZE       =   ----    ----
   DATA SIZE        =   ----    ----
   IDATA SIZE       =   ----    ----
   BIT SIZE         =   ----    ----
   EDATA SIZE       =   ----    ----
   HDATA SIZE       =   ----    ----
   XDATA CONST SIZE =   ----    ----
   FAR CONST SIZE   =   ----    ----
END OF MODULE INFORMATION.


C51 COMPILATION COMPLETE.  0 WARNING(S),  0 ERROR(S)
