C51 COMPILER V9.00   POWER_KEY                                                             11/24/2015 14:32:02 PAGE 1   


C51 COMPILER V9.00, COMPILATION OF MODULE POWER_KEY
OBJECT MODULE PLACED IN .\output\obj\power_key.obj
COMPILER INVOKED BY: d:\Keil\C51\BIN\C51.EXE key\power_key.c LARGE OBJECTADVANCED OPTIMIZE(9,SIZE) BROWSE INCDIR(.\confi
                    -g;.\device;.\display;.\fs;.\key;.\lib_if;.\play;.\system;.\library;.\power;.\radio;.\eeprom;.\spi_flash;.\slave;.\blueto
                    -oth;.\i2c) DEBUG PRINT(.\output\lst\power_key.lst) OBJECT(.\output\obj\power_key.obj)

line level    source

   1          #include <reg51.h>      
   2          
   3          #include "type.h"       
   4          #include "syscfg.h"
   5          #include "utility.h"
   6          #include "debug.h"
   7          #include "timer.h"
   8          #include "sysctrl.h"
   9          #include "key.h"
  10          #include "power_key.h"
  11          
  12          
  13          #if     (PWR_KEY_MODE == PWR_KEY_PUSH_BUTTON)
  14          
  15                  #warning        "MV: PUSH BUTTON POWER KEY ENABLE!"
*** WARNING C320 IN LINE 15 OF key\power_key.c: "MV: PUSH BUTTON POWER KEY ENABLE!"
  16          
  17          extern BOOL     gIsPwrkeyPadOn;                         //POWER_KEY引脚的状态判定是在定时中断内执行的，通过该全局变量与本文件的软开
             -关处理流程交互
  18                                                                                          //系统启动时POWER_KEY默认是接通状态
  19          #define         POWER_KEY_CP_TIME                       100                     //要求轻触开关机时，CP时间需要短
  20          #define         POWER_KEY_CPH_TIME                      100
  21          
  22          
  23          typedef enum _POWER_KEY_STATE
  24          {
  25                  POWER_KEY_STATE_IDLE,
  26                  POWER_KEY_STATE_PRESS_DOWN,
  27                  POWER_KEY_STATE_CP
  28          
  29          } POWER_KEY_STATE;
  30          
  31          
  32          TIMER                   PowerKeyWaitTimer;
  33          POWER_KEY_STATE PowerKeyState;
  34          BOOL                    IsPwrkeyInSysOn = TRUE;         //表示当前是否是系统启动阶段的POWER_KEY识别
  35          
  36          
  37          static CODE BYTE PowerKeyEvent[3] = {MSG_MODE_SW, MSG_SYS_ON, MSG_SYS_OFF};     
  38          
  39          
  40          
  41          // Initialize POWER_KEY scan operation.
  42          VOID PowerKeyScanInit(VOID)
  43          {
  44   1              DBG(("PowerKeyScanInit*******\n"));
  45   1              PowerKeyState = POWER_KEY_STATE_IDLE;
  46   1              IsPwrkeyInSysOn = TRUE;                                 //首先软开关用于系统启动，此后用于系统关闭
  47   1      }
  48          
  49          
  50          //
  51          // POWER_KEY与普通的按键不同，连接按钮开关（软开关）时的主要作用还是系统开关机，当然，也允许复用短按功能。
C51 COMPILER V9.00   POWER_KEY                                                             11/24/2015 14:32:02 PAGE 2   

  52          // 短按产生时，推送短按消息。超过短按区间，推送系统开关机消息。
  53          MESSAGE PowerKeyEventGet(VOID)                                                  
  54          {
  55   1              //DBG(("PowerKeyEventGet*******\n"));
  56   1              //DBG(("PowerKeyState:%bx\n", PowerKeyState));
  57   1              //DBG(("gIsPwrkeyPadOn:%bx\n", gIsPwrkeyPadOn));
  58   1              switch(PowerKeyState)
  59   1              {
  60   2                      case POWER_KEY_STATE_IDLE:
  61   2                              if(gIsPwrkeyPadOn == FALSE)
  62   2                              {
  63   3                                      IsPwrkeyInSysOn = FALSE;
  64   3                                      return MSG_NONE;
  65   3                              }
  66   2                              DBG(("GOTO POWER PRESS DOWN!\n"));
  67   2      
  68   2      #if defined(TIME_POWER_ON_HOLD)
  69   2                              if(IsPwrkeyInSysOn == TRUE)
  70   2                              {
  71   3                                      TimeOutSet(&PowerKeyWaitTimer, TIME_POWER_ON_HOLD);     
  72   3                              }
  73   2                              else
  74   2      #endif
  75   2                              {
  76   3                                      TimeOutSet(&PowerKeyWaitTimer, TIME_POWER_OFF_HOLD);
  77   3                              }
  78   2      
  79   2                              PowerKeyState = POWER_KEY_STATE_PRESS_DOWN;
  80   2                              break;
  81   2      
  82   2                      case POWER_KEY_STATE_PRESS_DOWN:
  83   2                              if(gIsPwrkeyPadOn == FALSE)
  84   2                              {
  85   3                                      IsPwrkeyInSysOn = FALSE;
  86   3                                      PowerKeyState = POWER_KEY_STATE_IDLE;
  87   3                                      return PowerKeyEvent[0];                        //return key sp value
  88   3                              }
  89   2                              else if(IsTimeOut(&PowerKeyWaitTimer))
  90   2                              {
  91   3                                      TimeOutSet(&PowerKeyWaitTimer, POWER_KEY_CPH_TIME);
  92   3                                      PowerKeyState = POWER_KEY_STATE_CP;
  93   3                                      if(IsPwrkeyInSysOn == TRUE)                     //系统启动时，推送MSG_SYS_ON消息，用于通知POWER_KEY开机保持时间已到
  94   3                                      {
  95   4                                              DBG(("PowerKeyEvent[1]:%bx\n", PowerKeyEvent[1]));
  96   4                                              return PowerKeyEvent[1];
  97   4                                      }
  98   3                                      else                                                            //系统启动之后，POWER_KEY的长按只发送MSG_SYS_OFF消息，用于关闭系统
  99   3                                      {
 100   4                                              DBG(("PowerKeyEvent[2]:%bx\n", PowerKeyEvent[2]));
 101   4                                              return PowerKeyEvent[2];
 102   4                                      }
 103   3                              }
 104   2                              break;
 105   2                              
 106   2                      case POWER_KEY_STATE_CP:
 107   2                              if(gIsPwrkeyPadOn == FALSE)
 108   2                              {
 109   3                                      IsPwrkeyInSysOn = FALSE;                        //系统启动后，POWER_KEY长按的作用变为关机
 110   3                                      PowerKeyState = POWER_KEY_STATE_IDLE;
 111   3                              }
 112   2                              else if(IsTimeOut(&PowerKeyWaitTimer))
 113   2                              {
C51 COMPILER V9.00   POWER_KEY                                                             11/24/2015 14:32:02 PAGE 3   

 114   3                                      TimeOutSet(&PowerKeyWaitTimer, POWER_KEY_CPH_TIME);
 115   3                                      if(IsPwrkeyInSysOn == FALSE)            //系统启动后，POWER_KEY的长按只发送MSG_SYS_OFF消息，用于关闭系统
 116   3                                      {
 117   4                                              DBG(("PowerKeyEvent[2]:%bx\n", PowerKeyEvent[2]));
 118   4                                              return PowerKeyEvent[2];
 119   4                                      }
 120   3                              }
 121   2                              break;  
 122   2                                              
 123   2                      default:
 124   2                              PowerKeyState = POWER_KEY_STATE_IDLE;
 125   2                              break;
 126   2              }
 127   1              return MSG_NONE;
 128   1      }
 129          
 130          #endif


MODULE INFORMATION:   STATIC OVERLAYABLE
   CODE SIZE        =    236    ----
   CONSTANT SIZE    =      3    ----
   XDATA SIZE       =      7    ----
   PDATA SIZE       =   ----    ----
   DATA SIZE        =   ----    ----
   IDATA SIZE       =   ----    ----
   BIT SIZE         =   ----    ----
   EDATA SIZE       =   ----    ----
   HDATA SIZE       =   ----    ----
   XDATA CONST SIZE =   ----    ----
   FAR CONST SIZE   =   ----    ----
END OF MODULE INFORMATION.


C51 COMPILATION COMPLETE.  1 WARNING(S),  0 ERROR(S)
